[debug] [2025-10-08T13:52:54.455Z] ----------------------------------------------------------------------
[debug] [2025-10-08T13:52:54.457Z] Command:       /home/joao/.nvm/versions/node/v20.19.3/bin/node /home/joao/.nvm/versions/node/v20.19.3/bin/firebase deploy
[debug] [2025-10-08T13:52:54.458Z] CLI Version:   14.16.0
[debug] [2025-10-08T13:52:54.458Z] Platform:      linux
[debug] [2025-10-08T13:52:54.458Z] Node Version:  v20.19.3
[debug] [2025-10-08T13:52:54.458Z] Time:          Wed Oct 08 2025 10:52:54 GMT-0300 (Brasilia Standard Time)
[debug] [2025-10-08T13:52:54.458Z] ----------------------------------------------------------------------
[debug] 
[debug] [2025-10-08T13:52:54.735Z] > command requires scopes: ["email","openid","https://www.googleapis.com/auth/cloudplatformprojects.readonly","https://www.googleapis.com/auth/firebase","https://www.googleapis.com/auth/cloud-platform"]
[debug] [2025-10-08T13:52:54.736Z] > authorizing via signed-in user (joao.santos@opiceblum.com.br)
[debug] [2025-10-08T13:52:54.736Z] [iam] checking project opicepesquisaai for permissions ["cloudfunctions.functions.create","cloudfunctions.functions.delete","cloudfunctions.functions.get","cloudfunctions.functions.list","cloudfunctions.functions.update","cloudfunctions.operations.get","firebase.projects.get","firebasehosting.sites.update"]
[debug] [2025-10-08T13:52:54.737Z] Checked if tokens are valid: true, expires at: 1759932737225
[debug] [2025-10-08T13:52:54.738Z] Checked if tokens are valid: true, expires at: 1759932737225
[debug] [2025-10-08T13:52:54.739Z] >>> [apiv2][query] POST https://cloudresourcemanager.googleapis.com/v1/projects/opicepesquisaai:testIamPermissions [none]
[debug] [2025-10-08T13:52:54.739Z] >>> [apiv2][(partial)header] POST https://cloudresourcemanager.googleapis.com/v1/projects/opicepesquisaai:testIamPermissions x-goog-quota-user=projects/opicepesquisaai
[debug] [2025-10-08T13:52:54.740Z] >>> [apiv2][body] POST https://cloudresourcemanager.googleapis.com/v1/projects/opicepesquisaai:testIamPermissions {"permissions":["cloudfunctions.functions.create","cloudfunctions.functions.delete","cloudfunctions.functions.get","cloudfunctions.functions.list","cloudfunctions.functions.update","cloudfunctions.operations.get","firebase.projects.get","firebasehosting.sites.update"]}
[debug] [2025-10-08T13:52:55.714Z] <<< [apiv2][status] POST https://cloudresourcemanager.googleapis.com/v1/projects/opicepesquisaai:testIamPermissions 200
[debug] [2025-10-08T13:52:55.715Z] <<< [apiv2][body] POST https://cloudresourcemanager.googleapis.com/v1/projects/opicepesquisaai:testIamPermissions {"permissions":["cloudfunctions.functions.create","cloudfunctions.functions.delete","cloudfunctions.functions.get","cloudfunctions.functions.list","cloudfunctions.functions.update","cloudfunctions.operations.get","firebase.projects.get","firebasehosting.sites.update"]}
[debug] [2025-10-08T13:52:55.716Z] Checked if tokens are valid: true, expires at: 1759932737225
[debug] [2025-10-08T13:52:55.716Z] Checked if tokens are valid: true, expires at: 1759932737225
[debug] [2025-10-08T13:52:55.716Z] >>> [apiv2][query] POST https://iam.googleapis.com/v1/projects/opicepesquisaai/serviceAccounts/opicepesquisaai@appspot.gserviceaccount.com:testIamPermissions [none]
[debug] [2025-10-08T13:52:55.716Z] >>> [apiv2][body] POST https://iam.googleapis.com/v1/projects/opicepesquisaai/serviceAccounts/opicepesquisaai@appspot.gserviceaccount.com:testIamPermissions {"permissions":["iam.serviceAccounts.actAs"]}
[debug] [2025-10-08T13:52:56.625Z] <<< [apiv2][status] POST https://iam.googleapis.com/v1/projects/opicepesquisaai/serviceAccounts/opicepesquisaai@appspot.gserviceaccount.com:testIamPermissions 200
[debug] [2025-10-08T13:52:56.625Z] <<< [apiv2][body] POST https://iam.googleapis.com/v1/projects/opicepesquisaai/serviceAccounts/opicepesquisaai@appspot.gserviceaccount.com:testIamPermissions {"permissions":["iam.serviceAccounts.actAs"]}
[debug] [2025-10-08T13:52:56.627Z] Checked if tokens are valid: true, expires at: 1759932737225
[debug] [2025-10-08T13:52:56.627Z] Checked if tokens are valid: true, expires at: 1759932737225
[debug] [2025-10-08T13:52:56.628Z] >>> [apiv2][query] GET https://firebase.googleapis.com/v1beta1/projects/opicepesquisaai [none]
[debug] [2025-10-08T13:52:57.188Z] <<< [apiv2][status] GET https://firebase.googleapis.com/v1beta1/projects/opicepesquisaai 200
[debug] [2025-10-08T13:52:57.188Z] <<< [apiv2][body] GET https://firebase.googleapis.com/v1beta1/projects/opicepesquisaai {"projectId":"opicepesquisaai","projectNumber":"783300581629","displayName":"opicepesquisaai","name":"projects/opicepesquisaai","resources":{"hostingSite":"opicepesquisaai"},"state":"ACTIVE","etag":"1_fd332ab9-e892-4dab-bf64-716b802278d2"}
[debug] [2025-10-08T13:53:00.723Z] defaultcredentials: writing to file /home/joao/.config/firebase/joao_santos_opiceblum.com.br_application_default_credentials.json
[debug] [2025-10-08T13:53:00.733Z] Checked if tokens are valid: true, expires at: 1759932737225
[debug] [2025-10-08T13:53:00.733Z] Checked if tokens are valid: true, expires at: 1759932737225
[debug] [2025-10-08T13:53:00.734Z] >>> [apiv2][query] GET https://firebasehosting.googleapis.com/v1beta1/projects/opicepesquisaai/sites pageToken=&pageSize=10
[debug] [2025-10-08T13:53:01.940Z] <<< [apiv2][status] GET https://firebasehosting.googleapis.com/v1beta1/projects/opicepesquisaai/sites 200
[debug] [2025-10-08T13:53:01.941Z] <<< [apiv2][body] GET https://firebasehosting.googleapis.com/v1beta1/projects/opicepesquisaai/sites {"sites":[{"name":"projects/opicepesquisaai/sites/opicepesquisaai","defaultUrl":"https://opicepesquisaai.web.app","appId":"1:783300581629:web:195d79831a9c9e5723c694","type":"DEFAULT_SITE"}]}
[debug] [2025-10-08T13:53:01.941Z] Checked if tokens are valid: true, expires at: 1759932737225
[debug] [2025-10-08T13:53:01.941Z] Checked if tokens are valid: true, expires at: 1759932737225
[debug] [2025-10-08T13:53:01.941Z] >>> [apiv2][query] GET https://firebase.googleapis.com/v1beta1/projects/-/webApps/1:783300581629:web:195d79831a9c9e5723c694/config [none]
[debug] [2025-10-08T13:53:02.673Z] <<< [apiv2][status] GET https://firebase.googleapis.com/v1beta1/projects/-/webApps/1:783300581629:web:195d79831a9c9e5723c694/config 200
[debug] [2025-10-08T13:53:02.674Z] <<< [apiv2][body] GET https://firebase.googleapis.com/v1beta1/projects/-/webApps/1:783300581629:web:195d79831a9c9e5723c694/config {"projectId":"opicepesquisaai","appId":"1:783300581629:web:195d79831a9c9e5723c694","storageBucket":"opicepesquisaai.firebasestorage.app","apiKey":"AIzaSyDqCx_7PM-izAiYkcZfAg5r5AXO_GfYZrE","authDomain":"opicepesquisaai.firebaseapp.com","messagingSenderId":"783300581629","projectNumber":"783300581629","version":"2"}
[info] 
   Thank you for trying our early preview of Next.js support on Firebase Hosting.
   During the preview, support is best-effort and breaking changes can be expected. Proceed with caution.

   Documentation: https://firebase.google.com/docs/hosting/frameworks/nextjs
   File a bug: https://github.com/firebase/firebase-tools/issues/new?template=bug_report.md
   Submit a feature request: https://github.com/firebase/firebase-tools/issues/new?template=feature_request.md

   We'd love to learn from you. Express your interest in helping us shape the future of Firebase Hosting: https://goo.gle/41enW5X

[debug] [2025-10-08T13:53:06.549Z] Checked if tokens are valid: true, expires at: 1759932737225
[debug] [2025-10-08T13:53:06.550Z] Checked if tokens are valid: true, expires at: 1759932737225
[debug] [2025-10-08T13:53:06.550Z] >>> [apiv2][query] GET https://firebasehosting.googleapis.com/v1beta1/projects/opicepesquisaai/sites/opicepesquisaai [none]
[debug] [2025-10-08T13:53:06.767Z] <<< [apiv2][status] GET https://firebasehosting.googleapis.com/v1beta1/projects/opicepesquisaai/sites/opicepesquisaai 200
[debug] [2025-10-08T13:53:06.767Z] <<< [apiv2][body] GET https://firebasehosting.googleapis.com/v1beta1/projects/opicepesquisaai/sites/opicepesquisaai {"name":"projects/opicepesquisaai/sites/opicepesquisaai","defaultUrl":"https://opicepesquisaai.web.app","appId":"1:783300581629:web:195d79831a9c9e5723c694","type":"DEFAULT_SITE"}
[info]   ▲ Next.js 15.0.0

[info]   - Environments: .env


[info]    Creating an optimized production build ...

